EN shiftreg NULL /home/daniel/coding/obscuremicros/hardware/m68kintglue/shiftreg.vhd sub00/vhpl02 1331302548
AR shiftreg behavioral /home/daniel/coding/obscuremicros/hardware/m68kintglue/shiftreg.vhd sub00/vhpl03 1331302549
EN toplevel NULL /home/daniel/coding/obscuremicros/hardware/m68kintglue/toplevel.vhd sub00/vhpl00 1331302550
AR toplevel behavioral /home/daniel/coding/obscuremicros/hardware/m68kintglue/toplevel.vhd sub00/vhpl01 1331302551
