EN shiftreg NULL /home/daniel/coding/obscuremicros/hardware/m68kintglue/shiftreg.vhd sub00/vhpl02 1331465920
AR shiftreg behavioral /home/daniel/coding/obscuremicros/hardware/m68kintglue/shiftreg.vhd sub00/vhpl03 1331465921
EN toplevel NULL /home/daniel/coding/obscuremicros/hardware/m68kintglue/toplevel.vhd sub00/vhpl00 1331465922
AR toplevel behavioral /home/daniel/coding/obscuremicros/hardware/m68kintglue/toplevel.vhd sub00/vhpl01 1331465923
