V3 7
FL /home/daniel/coding/obscuremicros/hardware/m68kintglue/shiftreg.vhd 2012/03/11.20:38:33 O.87xd
EN work/shiftreg 1331465920 \
      FL /home/daniel/coding/obscuremicros/hardware/m68kintglue/shiftreg.vhd \
      PB ieee/std_logic_1164 1325952872
AR work/shiftreg/Behavioral 1331465921 \
      FL /home/daniel/coding/obscuremicros/hardware/m68kintglue/shiftreg.vhd \
      EN work/shiftreg 1331465920
FL /home/daniel/coding/obscuremicros/hardware/m68kintglue/toplevel.vhd 2012/03/09.22:54:52 O.87xd
EN work/toplevel 1331465922 \
      FL /home/daniel/coding/obscuremicros/hardware/m68kintglue/toplevel.vhd \
      PB ieee/std_logic_1164 1325952872
AR work/toplevel/Behavioral 1331465923 \
      FL /home/daniel/coding/obscuremicros/hardware/m68kintglue/toplevel.vhd \
      EN work/toplevel 1331465922 CP shiftreg
